
  x NEXT_RSC_ERR_CLIENT_DIRECTIVE_PAREN
   ,-[input.js:1:1]
 1 | import 'react'
 2 | ;('use client')
   :  ^^^^^^^^^^^^^^
   `----
